<area shape="rect" href="$namespaceMatrixWalkers.html#3292f064e443c2a947d2cc73c9805918" title="Iterates two matrix iterators and performs an action." alt="" coords="267,139,451,168">
<area shape="rect" href="$structMatrixWalkers_1_1RotBase.html#ed92486081b5d177a58c41ddd25bbe75" title="MatrixWalkers::RotBase::get" alt="" coords="524,5,711,35">
<area shape="rect" href="$structMatrixWalkers_1_1Checked.html#540997bf3efc6fc32129bc254a429a2e" title="MatrixWalkers::Checked::innerCond" alt="" coords="504,59,731,88">
<area shape="rect" href="$structMatrixWalkers_1_1RotBase.html#061c7fbcaab18de98557e98be33269ec" title="MatrixWalkers::RotBase::innerInit" alt="" coords="509,112,725,141">
<area shape="rect" href="$structMatrixWalkers_1_1Rotation__0.html#9bafe4e28570f549778d1a090ba6dd58" title="MatrixWalkers::Rotation_0::innerStep" alt="" coords="500,165,735,195">
<area shape="rect" href="$structMatrixWalkers_1_1Checked.html#f9b0ae5eaac8ea29d9d8804575b9ace9" title="MatrixWalkers::Checked::outerCond" alt="" coords="503,219,732,248">
<area shape="rect" href="$structMatrixWalkers_1_1Checked.html#ceda7af9624b8f5dccbb5c33a5eea3b1" title="MatrixWalkers::Checked::outerStep" alt="" coords="504,272,731,301">
