<area shape="rect" href="$headers_8h-source.html" title="headers.h" alt="" coords="1275,83,1352,112">
<area shape="rect" href="$root_8cpp-source.html" title="modules/root.cpp" alt="" coords="2208,237,2328,267">
<area shape="rect" href="$batch_8cpp-source.html" title="batch.cpp" alt="" coords="365,237,443,267">
<area shape="rect" href="$imageUtil_8h-source.html" title="imageUtil.h" alt="" coords="296,160,381,189">
<area shape="rect" href="$debug_8cpp-source.html" title="debug.cpp" alt="" coords="2067,315,2147,344">
<area shape="rect" href="$root_8h-source.html" title="modules/root.h" alt="" coords="2083,160,2189,189">
<area shape="rect" href="$modules_8cpp-source.html" title="modules.cpp" alt="" coords="1528,315,1624,344">
<area shape="rect" href="$squarePixels_8h-source.html" title="modules/squarePixels.h" alt="" coords="1027,237,1187,267">
<area shape="rect" href="$fileUtil_8h-source.html" title="fileUtil.h" alt="" coords="1048,160,1115,189">
<area shape="rect" href="$interfaces_8cpp-source.html" title="interfaces.cpp" alt="" coords="797,237,901,267">
<area shape="rect" href="$colorModel_8h-source.html" title="modules/colorModel.h" alt="" coords="467,237,613,267">
<area shape="rect" href="$vliCodec_8h-source.html" title="modules/vliCodec.h" alt="" coords="637,237,773,267">
<area shape="rect" href="$stdEncoder_8h-source.html" title="modules/stdEncoder.h" alt="" coords="1512,160,1661,189">
<area shape="rect" href="$quadTree_8h-source.html" title="modules/quadTree.h" alt="" coords="1333,160,1472,189">
<area shape="rect" href="$stdDomains_8h-source.html" title="modules/stdDomains.h" alt="" coords="2029,237,2184,267">
<area shape="rect" href="$saupePredictor_8h-source.html" title="modules/saupePredictor.h" alt="" coords="2403,237,2573,267">
<area shape="rect" href="$gui_8h-source.html" title="gui.h" alt="" coords="224,160,272,189">
<area shape="rect" href="$quality2SE_8h-source.html" title="modules/quality2SE.h" alt="" coords="1685,160,1832,189">
<area shape="rect" href="$noPredictor_8h-source.html" title="modules/noPredictor.h" alt="" coords="1856,160,2008,189">
<area shape="rect" href="$gui_8cpp-source.html" title="gui.cpp" alt="" coords="227,237,291,267">
<area shape="rect" href="$imageUtil_8cpp-source.html" title="imageUtil.cpp" alt="" coords="104,237,203,267">
<area shape="rect" href="$colorModel_8cpp-source.html" title="modules/colorModel.cpp" alt="" coords="345,315,508,344">
<area shape="rect" href="$squarePixels_8cpp-source.html" title="modules/squarePixels.cpp" alt="" coords="936,315,1109,344">
<area shape="rect" href="$quadTree_8cpp-source.html" title="modules/quadTree.cpp" alt="" coords="1312,237,1464,267">
<area shape="rect" href="$stdDomains_8cpp-source.html" title="modules/stdDomains.cpp" alt="" coords="1724,315,1892,344">
<area shape="rect" href="$stdEncoder_8cpp.html" title="modules/stdEncoder.cpp" alt="" coords="1539,237,1701,267">
<area shape="rect" href="$vliCodec_8cpp-source.html" title="modules/vliCodec.cpp" alt="" coords="631,315,780,344">
<area shape="rect" href="$saupePredictor_8cpp-source.html" title="modules/saupePredictor.cpp" alt="" coords="2283,315,2469,344">
<area shape="rect" href="$main_8cpp-source.html" title="main.cpp" alt="" coords="5,237,80,267">
